Unity Editor version:    6000.3.18f1 (5ebeb53e4c07)
Branch:                  6000.3/staging
Build type:              Release
Batch mode:              YES
macOS version:           Version 15.7.3 (Build 24G419)
Darwin version:          24.6.0
Architecture:            arm64
Running under Rosetta:   NO
Available memory:        36864 MB
Date:                    2026-10-01T01:27:48Z
[Licensing::Module] Trying to connect to existing licensing client channel...
[Licensing::IpcConnector] Successfully connected to: "LicenseClient-bytedance" at "2026-10-01T01:27:48.528099Z"
Launching external process: /Applications/Unity/Hub/Editor/6000.3.18f1/Unity.app/Contents/Resources/PackageManager/Server/UnityPackageManager

COMMAND LINE ARGUMENTS:
/Applications/Unity/Hub/Editor/6000.3.18f1/Unity.app/Contents/MacOS/Unity
-batchmode
-quit
-projectPath
/tmp/NBFXG2DissolveMaskProbe-20260928
-logFile
/tmp/nbfx-g4-fog-gamma-import-20261001.log
Successfully changed project path to: /tmp/NBFXG2DissolveMaskProbe-20260928
/private/tmp/NBFXG2DissolveMaskProbe-20260928
[UnityMemory] Configuration Parameters - Can be set up in boot.config
    "memorysetup-allocator-temp-initial-block-size-main=262144"
    "memorysetup-allocator-temp-initial-block-size-worker=262144"
    "memorysetup-temp-allocator-size-background-worker=32768"
    "memorysetup-temp-allocator-size-job-worker=262144"
    "memorysetup-temp-allocator-size-preload-manager=33554432"
    "memorysetup-temp-allocator-size-nav-mesh-worker=65536"
    "memorysetup-temp-allocator-size-audio-worker=65536"
    "memorysetup-temp-allocator-size-cloud-worker=32768"
    "memorysetup-bucket-allocator-granularity=16"
    "memorysetup-bucket-allocator-bucket-count=8"
    "memorysetup-bucket-allocator-block-size=33554432"
    "memorysetup-bucket-allocator-block-count=8"
    "memorysetup-main-allocator-block-size=16777216"
    "memorysetup-thread-allocator-block-size=16777216"
    "memorysetup-gfx-main-allocator-block-size=16777216"
    "memorysetup-gfx-thread-allocator-block-size=16777216"
    "memorysetup-cache-allocator-block-size=4194304"
    "memorysetup-typetree-allocator-block-size=2097152"
    "memorysetup-profiler-bucket-allocator-granularity=16"
    "memorysetup-profiler-bucket-allocator-bucket-count=8"
    "memorysetup-profiler-bucket-allocator-block-size=33554432"
    "memorysetup-profiler-bucket-allocator-block-count=8"
    "memorysetup-profiler-allocator-block-size=16777216"
    "memorysetup-profiler-editor-allocator-block-size=1048576"
    "memorysetup-temp-allocator-size-main=16777216"
    "memorysetup-job-temp-allocator-block-size=2097152"
    "memorysetup-job-temp-allocator-block-size-background=1048576"
    "memorysetup-job-temp-allocator-reduction-small-platforms=262144"
    "memorysetup-temp-allocator-size-gi-baking-worker=262144"
    "memorysetup-temp-allocator-size-gi-baking-worker=262144"
    "memorysetup-temp-allocator-size-gi-baking-worker=262144"
    "memorysetup-temp-allocator-size-gi-baking-worker=262144"
    "memorysetup-temp-allocator-size-gi-baking-worker=262144"
    "memorysetup-temp-allocator-size-gfx=262144"
Player connection [8364532288]  Target information:

Player connection [8364532288]  * "[IP] 192.168.1.4 [Port] 55505 [Flags] 2 [Guid] 1468371560 [EditorId] 1468371560 [Version] 1048832 [Id] OSXEditor(0,KDFW9L9YPF) [Debug] 1 [PackageName] OSXEditor [ProjectName] Editor" 

Player connection [8364532288]  * "[IP] 10.254.189.102 [Port] 55505 [Flags] 2 [Guid] 1468371560 [EditorId] 1468371560 [Version] 1048832 [Id] OSXEditor(0,KDFW9L9YPF) [Debug] 1 [PackageName] OSXEditor [ProjectName] Editor" 

Player connection [8364532288]  * "[IP] 10.4.43.142 [Port] 55505 [Flags] 2 [Guid] 1468371560 [EditorId] 1468371560 [Version] 1048832 [Id] OSXEditor(0,KDFW9L9YPF) [Debug] 1 [PackageName] OSXEditor [ProjectName] Editor" 

Player connection [8364532288]  * "[IP] 10.254.208.73 [Port] 55505 [Flags] 2 [Guid] 1468371560 [EditorId] 1468371560 [Version] 1048832 [Id] OSXEditor(0,KDFW9L9YPF) [Debug] 1 [PackageName] OSXEditor [ProjectName] Editor" 

Player connection [8364532288]  * "[IP] 10.4.82.85 [Port] 55505 [Flags] 2 [Guid] 1468371560 [EditorId] 1468371560 [Version] 1048832 [Id] OSXEditor(0,KDFW9L9YPF) [Debug] 1 [PackageName] OSXEditor [ProjectName] Editor" 

Player connection [8364532288]  * "[IP] 10.255.209.55 [Port] 55505 [Flags] 2 [Guid] 1468371560 [EditorId] 1468371560 [Version] 1048832 [Id] OSXEditor(0,KDFW9L9YPF) [Debug] 1 [PackageName] OSXEditor [ProjectName] Editor" 

Player connection [8364532288]  * "[IP] 10.4.198.54 [Port] 55505 [Flags] 2 [Guid] 1468371560 [EditorId] 1468371560 [Version] 1048832 [Id] OSXEditor(0,KDFW9L9YPF) [Debug] 1 [PackageName] OSXEditor [ProjectName] Editor" 

Player connection [8364532288]  * "[IP] 10.5.66.18 [Port] 55505 [Flags] 2 [Guid] 1468371560 [EditorId] 1468371560 [Version] 1048832 [Id] OSXEditor(0,KDFW9L9YPF) [Debug] 1 [PackageName] OSXEditor [ProjectName] Editor" 

Player connection [8364532288]  * "[IP] 10.254.236.114 [Port] 55505 [Flags] 2 [Guid] 1468371560 [EditorId] 1468371560 [Version] 1048832 [Id] OSXEditor(0,KDFW9L9YPF) [Debug] 1 [PackageName] OSXEditor [ProjectName] Editor" 

Player connection [8364532288]  * "[IP] 10.254.139.35 [Port] 55505 [Flags] 2 [Guid] 1468371560 [EditorId] 1468371560 [Version] 1048832 [Id] OSXEditor(0,KDFW9L9YPF) [Debug] 1 [PackageName] OSXEditor [ProjectName] Editor" 

Player connection [8364532288] Host joined multi-casting on [225.0.0.222:54997]...
Player connection [8364532288] Host joined alternative multi-casting on [225.0.0.222:34997]...
Input System module state changed to: Initialized.
[Physics::Module] Initialized fallback backend.
[Physics::Module] Id: 0xdecafbad
[Package Manager] Connected to IPC stream "Upm-69107" after 0.1 seconds.
[Licensing::Module] Licensing is not yet initialized.
[Licensing::Client] Handshaking with LicensingClient:
  Version:                 1.18.3+d7ffd15
  Session Id:              0f2a36537eae42c5b42fe58310920582
  Correlation Id:          a439cca32d845d3de97f968492791148
  External correlation Id: 5311939141492552011
  Machine Id:              6QncrYpByR45xJmTSA4TAgr1/WM=
[Licensing::Module] Successfully connected to LicensingClient on channel: "LicenseClient-bytedance" (connect: 0.00s, validation: 0.00s, handshake: 0.22s)
[Licensing::IpcConnector] Successfully connected to: "LicenseClient-bytedance-notifications" at "2026-10-01T01:27:48.752631Z"
[Licensing::Module] Error: Access token is unavailable; failed to update
[Licensing::Client] Successfully resolved entitlement details
[Licensing::Module] License group:
  Id: F4-WW5V-BNFM-3A4T-3ACH-XXXX
  Product: Unity Personal
  Type: ULF
  Expiration: 2026-10-12T02:22:57Z
[Licensing::Module] License group:
  Id: ewogICJzdWJzR3JvdXAiIDogInVuaXR5IGVkaXRvciIsCiAgIm5hbWVzcGFjZSIgOiAidW5pdHlfZWRpdG9yIiwKICAidHlwZSIgOiAiRURJVE9SIiwKICAidGFnIiA6ICJVbml0eVBlcnNvbmFsXXXX
  Product: Unity Personal Version
  Type: Assigned
  Expiration: Unlimited
[Licensing::Client] Successfully updated license, isAsync: True, time: 0.00
[Licensing::Client] Successfully resolved entitlement details
[Licensing::Module] License group:
  Id: F4-WW5V-BNFM-3A4T-3ACH-XXXX
  Product: Unity Personal
  Type: ULF
  Expiration: 2026-10-12T02:22:57Z
[Licensing::Module] License group:
  Id: ewogICJzdWJzR3JvdXAiIDogInVuaXR5IGVkaXRvciIsCiAgIm5hbWVzcGFjZSIgOiAidW5pdHlfZWRpdG9yIiwKICAidHlwZSIgOiAiRURJVE9SIiwKICAidGFnIiA6ICJVbml0eVBlcnNvbmFsXXXX
  Product: Unity Personal Version
  Type: Assigned
  Expiration: Unlimited
[Licensing::Module] Licensing Background thread has ended after 0.25s
[Licensing::Module] Licensing is initialized (took 0.03s).
[Licensing::Client] Successfully resolved entitlement details
[Licensing::Module] License group:
  Id: F4-WW5V-BNFM-3A4T-3ACH-XXXX
  Product: Unity Personal
  Type: ULF
  Expiration: 2026-10-12T02:22:57Z
[Licensing::Module] License group:
  Id: ewogICJzdWJzR3JvdXAiIDogInVuaXR5IGVkaXRvciIsCiAgIm5hbWVzcGFjZSIgOiAidW5pdHlfZWRpdG9yIiwKICAidHlwZSIgOiAiRURJVE9SIiwKICAidGFnIiA6ICJVbml0eVBlcnNvbmFsXXXX
  Product: Unity Personal Version
  Type: Assigned
  Expiration: Unlimited
Library Redirect Path: Library/
[Physics::Module] Selected backend.
[Physics::Module] Name: PhysX
[Physics::Module] Id: 0xf2b8ea05
[Physics::Module] SDK Version: 4.1.2
[Physics::Module] Integration Version: 1.0.0
[Physics::Module] Threading Mode: Multi-Threaded
Refreshing native plugins compatible for Editor in 0.03 ms, found 0 plugins.
Preloading 0 native plugins for Editor in 0.00 ms.
Initialize engine version: 6000.3.18f1 (5ebeb53e4c07)
[Subsystems] Discovering subsystems at path /Applications/Unity/Hub/Editor/6000.3.18f1/Unity.app/Contents/Resources/UnitySubsystems
[Subsystems] Discovering subsystems at path /private/tmp/NBFXG2DissolveMaskProbe-20260928/Assets
GfxDevice: creating device client; kGfxThreadingModeNonThreaded
 preferred device: Apple M3 Pro (high power)
Metal devices available: 1
0: Apple M3 Pro (high power)
Using device Apple M3 Pro (high power)
Initializing Metal device caps: Apple M3 Pro
Mac GPU Family: 2
Apple GPU Family: 9
MSL Version: 3.0
Has Float MSAA: 1
Has Float Filtering: 1
ReadWrite Texture Tier: 2
Initialize mono
Mono path[0] = '/Applications/Unity/Hub/Editor/6000.3.18f1/Unity.app/Contents/Resources/Scripting/Managed'
Mono path[1] = '/Applications/Unity/Hub/Editor/6000.3.18f1/Unity.app/Contents/Resources/Scripting/MonoBleedingEdge/lib/mono/unityjit-macos'
Mono config path = '/Applications/Unity/Hub/Editor/6000.3.18f1/Unity.app/Contents/Resources/Scripting/MonoBleedingEdge/etc'
Using monoOptions --debugger-agent=transport=dt_socket,embedding=1,server=y,suspend=n,address=127.0.0.1:56107
Using cacheserver namespaces - metadata:defaultmetadata, artifacts:defaultartifacts
Using cacheserver namespaces - metadata:defaultmetadata, artifacts:defaultartifacts
ImportWorker Server TCP listen port: 0
AcceleratorClientConnectionCallback - disconnected - :0
Begin MonoManager ReloadAssembly
Registering precompiled unity dll's ...
Register platform support module: /Applications/Unity/Hub/Editor/6000.3.18f1/Unity.app/Contents/PlaybackEngines/MacStandaloneSupport/UnityEditor.OSXStandalone.Extensions.dll
[Licensing::Client] Successfully resolved entitlement details
[Licensing::Module] License group:
  Id: F4-WW5V-BNFM-3A4T-3ACH-XXXX
  Product: Unity Personal
  Type: ULF
  Expiration: 2026-10-12T02:22:57Z
[Licensing::Module] License group:
  Id: ewogICJzdWJzR3JvdXAiIDogInVuaXR5IGVkaXRvciIsCiAgIm5hbWVzcGFjZSIgOiAidW5pdHlfZWRpdG9yIiwKICAidHlwZSIgOiAiRURJVE9SIiwKICAidGFnIiA6ICJVbml0eVBlcnNvbmFsXXXX
  Product: Unity Personal Version
  Type: Assigned
  Expiration: Unlimited
Register platform support module: /Applications/Unity/Hub/Editor/6000.3.18f1/PlaybackEngines/AndroidPlayer/UnityEditor.Android.Extensions.dll
Registered in 0.005323 seconds.
- Loaded All Assemblies, in  0.252 seconds
Native extension for Android target not found
Native extension for OSXStandalone target not found
Package Manager log level set to [2]
ScheduleIndexationOnStartup MainProcess:False IndexOnStartup:True
Mono: successfully reloaded assembly
- Finished resetting the current domain, in  0.232 seconds
Domain Reload Profiling: 484ms
	BeginReloadAssembly (73ms)
		ExecutionOrderSort (0ms)
		DisableScriptedObjects (0ms)
		BackupInstance (0ms)
		ReleaseScriptingObjects (0ms)
		CreateAndSetChildDomain (11ms)
	RebuildCommonClasses (25ms)
	RebuildNativeTypeToScriptingClass (9ms)
	initialDomainReloadingComplete (30ms)
	LoadAllAssembliesAndSetupDomain (115ms)
		LoadAssemblies (63ms)
		RebuildTransferFunctionScriptingTraits (0ms)
		AnalyzeDomain (113ms)
			TypeCache.Refresh (112ms)
				TypeCache.ScanAssembly (103ms)
			BuildScriptInfoCaches (0ms)
			ResolveRequiredComponents (0ms)
	FinalizeReload (232ms)
		ReleaseScriptCaches (0ms)
		RebuildScriptCaches (0ms)
		SetupLoadedEditorAssemblies (206ms)
			LogAssemblyErrors (0ms)
			InitializePlatformSupportModulesInManaged (30ms)
			SetLoadedEditorAssemblies (3ms)
			BeforeProcessingInitializeOnLoad (52ms)
			ProcessInitializeOnLoadAttributes (71ms)
			ProcessInitializeOnLoadMethodAttributes (51ms)
			AfterProcessingInitializeOnLoad (0ms)
			EditorAssembliesLoaded (0ms)
		ExecutionOrderSort2 (0ms)
		AwakeInstancesAfterBackupRestoration (0ms)
[Licensing::Client] Successfully resolved entitlement details
[Licensing::Module] License group:
  Id: F4-WW5V-BNFM-3A4T-3ACH-XXXX
  Product: Unity Personal
  Type: ULF
  Expiration: 2026-10-12T02:27:49Z
[Licensing::Module] License group:
  Id: ewogICJzdWJzR3JvdXAiIDogInVuaXR5IGVkaXRvciIsCiAgIm5hbWVzcGFjZSIgOiAidW5pdHlfZWRpdG9yIiwKICAidHlwZSIgOiAiRURJVE9SIiwKICAidGFnIiA6ICJVbml0eVBlcnNvbmFsXXXX
  Product: Unity Personal Version
  Type: Assigned
  Expiration: Unlimited
Application.AssetDatabase Initial Refresh Start
[Package Manager] Restoring resolved packages state from cache
[Licensing::Client] Successfully resolved entitlement details
Embedded package [com.xuanxuan.nb.fx] was found in the directory [/private/tmp/NBFXG2DissolveMaskProbe-20260928/Packages/NB_FX]. Please consider changing the directory name to match the package name.
[Package Manager] Registered 61 packages:
  Packages from [https://packages.unity.com]:
    com.unity.cinemachine@3.1.0 (location: /private/tmp/NBFXG2DissolveMaskProbe-20260928/Library/PackageCache/com.unity.cinemachine@ceed3a7f8d67)
    com.unity.collab-proxy@2.12.4 (location: /private/tmp/NBFXG2DissolveMaskProbe-20260928/Library/PackageCache/com.unity.collab-proxy@0b1559bcd34e)
    com.unity.ide.rider@3.0.40 (location: /private/tmp/NBFXG2DissolveMaskProbe-20260928/Library/PackageCache/com.unity.ide.rider@e4950c6d131b)
    com.unity.inputsystem@1.19.0 (location: /private/tmp/NBFXG2DissolveMaskProbe-20260928/Library/PackageCache/com.unity.inputsystem@21a28c3a6c83)
    com.unity.timeline@1.8.12 (location: /private/tmp/NBFXG2DissolveMaskProbe-20260928/Library/PackageCache/com.unity.timeline@8cd8509afae5)
    com.unity.pipeline@0.7.0-exp.1 (location: /private/tmp/NBFXG2DissolveMaskProbe-20260928/Library/PackageCache/com.unity.pipeline@ab05e9cd7f74)
    com.unity.nuget.mono-cecil@1.11.6 (location: /private/tmp/NBFXG2DissolveMaskProbe-20260928/Library/PackageCache/com.unity.nuget.mono-cecil@ecb9724e46ff)
    com.unity.nuget.newtonsoft-json@3.2.2 (location: /private/tmp/NBFXG2DissolveMaskProbe-20260928/Library/PackageCache/com.unity.nuget.newtonsoft-json@4dfd81071c64)
    com.unity.splines@2.8.4 (location: /private/tmp/NBFXG2DissolveMaskProbe-20260928/Library/PackageCache/com.unity.splines@9b00833aca09)
    com.unity.burst@1.8.29 (location: /private/tmp/NBFXG2DissolveMaskProbe-20260928/Library/PackageCache/com.unity.burst@6bb9aca3ef38)
    com.unity.mathematics@1.3.3 (location: /private/tmp/NBFXG2DissolveMaskProbe-20260928/Library/PackageCache/com.unity.mathematics@19a9377c4ffa)
    com.unity.collections@2.6.6 (location: /private/tmp/NBFXG2DissolveMaskProbe-20260928/Library/PackageCache/com.unity.collections@9796e5ee0d9e)
    com.unity.searcher@4.9.4 (location: /private/tmp/NBFXG2DissolveMaskProbe-20260928/Library/PackageCache/com.unity.searcher@d45a78918735)
    com.unity.settings-manager@2.1.1 (location: /private/tmp/NBFXG2DissolveMaskProbe-20260928/Library/PackageCache/com.unity.settings-manager@0b8638c5ce86)
    com.unity.test-framework.performance@3.5.0 (location: /private/tmp/NBFXG2DissolveMaskProbe-20260928/Library/PackageCache/com.unity.test-framework.performance@8b56083ec0f0)
  Built-in packages:
    com.unity.multiplayer.center@1.0.1 (location: /private/tmp/NBFXG2DissolveMaskProbe-20260928/Library/PackageCache/com.unity.multiplayer.center@f01f4ba8d00a)
    com.unity.render-pipelines.universal@17.3.0 (location: /private/tmp/NBFXG2DissolveMaskProbe-20260928/Library/PackageCache/com.unity.render-pipelines.universal@35356061dd01)
    com.unity.ugui@2.0.0 (location: /private/tmp/NBFXG2DissolveMaskProbe-20260928/Library/PackageCache/com.unity.ugui@2e4da8434a5c)
    com.unity.visualeffectgraph@17.3.0 (location: /private/tmp/NBFXG2DissolveMaskProbe-20260928/Library/PackageCache/com.unity.visualeffectgraph@f89f6436500a)
    com.unity.modules.accessibility@1.0.0 (location: /private/tmp/NBFXG2DissolveMaskProbe-20260928/Library/PackageCache/com.unity.modules.accessibility)
    com.unity.modules.adaptiveperformance@1.0.0 (location: /private/tmp/NBFXG2DissolveMaskProbe-20260928/Library/PackageCache/com.unity.modules.adaptiveperformance)
    com.unity.modules.ai@1.0.0 (location: /private/tmp/NBFXG2DissolveMaskProbe-20260928/Library/PackageCache/com.unity.modules.ai)
    com.unity.modules.androidjni@1.0.0 (location: /private/tmp/NBFXG2DissolveMaskProbe-20260928/Library/PackageCache/com.unity.modules.androidjni)
    com.unity.modules.animation@1.0.0 (location: /private/tmp/NBFXG2DissolveMaskProbe-20260928/Library/PackageCache/com.unity.modules.animation)
    com.unity.modules.assetbundle@1.0.0 (location: /private/tmp/NBFXG2DissolveMaskProbe-20260928/Library/PackageCache/com.unity.modules.assetbundle)
    com.unity.modules.audio@1.0.0 (location: /private/tmp/NBFXG2DissolveMaskProbe-20260928/Library/PackageCache/com.unity.modules.audio)
    com.unity.modules.cloth@1.0.0 (location: /private/tmp/NBFXG2DissolveMaskProbe-20260928/Library/PackageCache/com.unity.modules.cloth)
    com.unity.modules.director@1.0.0 (location: /private/tmp/NBFXG2DissolveMaskProbe-20260928/Library/PackageCache/com.unity.modules.director)
    com.unity.modules.imageconversion@1.0.0 (location: /private/tmp/NBFXG2DissolveMaskProbe-20260928/Library/PackageCache/com.unity.modules.imageconversion)
    com.unity.modules.imgui@1.0.0 (location: /private/tmp/NBFXG2DissolveMaskProbe-20260928/Library/PackageCache/com.unity.modules.imgui)
    com.unity.modules.jsonserialize@1.0.0 (location: /private/tmp/NBFXG2DissolveMaskProbe-20260928/Library/PackageCache/com.unity.modules.jsonserialize)
    com.unity.modules.particlesystem@1.0.0 (location: /private/tmp/NBFXG2DissolveMaskProbe-20260928/Library/PackageCache/com.unity.modules.particlesystem)
    com.unity.modules.physics@1.0.0 (location: /private/tmp/NBFXG2DissolveMaskProbe-20260928/Library/PackageCache/com.unity.modules.physics)
    com.unity.modules.physics2d@1.0.0 (location: /private/tmp/NBFXG2DissolveMaskProbe-20260928/Library/PackageCache/com.unity.modules.physics2d)
    com.unity.modules.screencapture@1.0.0 (location: /private/tmp/NBFXG2DissolveMaskProbe-20260928/Library/PackageCache/com.unity.modules.screencapture)
    com.unity.modules.terrain@1.0.0 (location: /private/tmp/NBFXG2DissolveMaskProbe-20260928/Library/PackageCache/com.unity.modules.terrain)
    com.unity.modules.terrainphysics@1.0.0 (location: /private/tmp/NBFXG2DissolveMaskProbe-20260928/Library/PackageCache/com.unity.modules.terrainphysics)
    com.unity.modules.tilemap@1.0.0 (location: /private/tmp/NBFXG2DissolveMaskProbe-20260928/Library/PackageCache/com.unity.modules.tilemap)
    com.unity.modules.ui@1.0.0 (location: /private/tmp/NBFXG2DissolveMaskProbe-20260928/Library/PackageCache/com.unity.modules.ui)
    com.unity.modules.uielements@1.0.0 (location: /private/tmp/NBFXG2DissolveMaskProbe-20260928/Library/PackageCache/com.unity.modules.uielements)
    com.unity.modules.umbra@1.0.0 (location: /private/tmp/NBFXG2DissolveMaskProbe-20260928/Library/PackageCache/com.unity.modules.umbra)
    com.unity.modules.unityanalytics@1.0.0 (location: /private/tmp/NBFXG2DissolveMaskProbe-20260928/Library/PackageCache/com.unity.modules.unityanalytics)
    com.unity.modules.unitywebrequest@1.0.0 (location: /private/tmp/NBFXG2DissolveMaskProbe-20260928/Library/PackageCache/com.unity.modules.unitywebrequest)
    com.unity.modules.unitywebrequestassetbundle@1.0.0 (location: /private/tmp/NBFXG2DissolveMaskProbe-20260928/Library/PackageCache/com.unity.modules.unitywebrequestassetbundle)
    com.unity.modules.unitywebrequestaudio@1.0.0 (location: /private/tmp/NBFXG2DissolveMaskProbe-20260928/Library/PackageCache/com.unity.modules.unitywebrequestaudio)
    com.unity.modules.unitywebrequesttexture@1.0.0 (location: /private/tmp/NBFXG2DissolveMaskProbe-20260928/Library/PackageCache/com.unity.modules.unitywebrequesttexture)
    com.unity.modules.unitywebrequestwww@1.0.0 (location: /private/tmp/NBFXG2DissolveMaskProbe-20260928/Library/PackageCache/com.unity.modules.unitywebrequestwww)
    com.unity.modules.vectorgraphics@1.0.0 (location: /private/tmp/NBFXG2DissolveMaskProbe-20260928/Library/PackageCache/com.unity.modules.vectorgraphics)
    com.unity.modules.vehicles@1.0.0 (location: /private/tmp/NBFXG2DissolveMaskProbe-20260928/Library/PackageCache/com.unity.modules.vehicles)
    com.unity.modules.video@1.0.0 (location: /private/tmp/NBFXG2DissolveMaskProbe-20260928/Library/PackageCache/com.unity.modules.video)
    com.unity.modules.vr@1.0.0 (location: /private/tmp/NBFXG2DissolveMaskProbe-20260928/Library/PackageCache/com.unity.modules.vr)
    com.unity.modules.wind@1.0.0 (location: /private/tmp/NBFXG2DissolveMaskProbe-20260928/Library/PackageCache/com.unity.modules.wind)
    com.unity.modules.xr@1.0.0 (location: /private/tmp/NBFXG2DissolveMaskProbe-20260928/Library/PackageCache/com.unity.modules.xr)
    com.unity.test-framework@1.6.0 (location: /private/tmp/NBFXG2DissolveMaskProbe-20260928/Library/PackageCache/com.unity.test-framework@ecf40a72f8c1)
    com.unity.modules.subsystems@1.0.0 (location: /private/tmp/NBFXG2DissolveMaskProbe-20260928/Library/PackageCache/com.unity.modules.subsystems)
    com.unity.modules.hierarchycore@1.0.0 (location: /private/tmp/NBFXG2DissolveMaskProbe-20260928/Library/PackageCache/com.unity.modules.hierarchycore)
    com.unity.shadergraph@17.3.0 (location: /private/tmp/NBFXG2DissolveMaskProbe-20260928/Library/PackageCache/com.unity.shadergraph@2b401d56d4b3)
    com.unity.render-pipelines.core@17.3.0 (location: /private/tmp/NBFXG2DissolveMaskProbe-20260928/Library/PackageCache/com.unity.render-pipelines.core@43eeb73e554f)
    com.unity.render-pipelines.universal-config@17.0.3 (location: /private/tmp/NBFXG2DissolveMaskProbe-20260928/Library/PackageCache/com.unity.render-pipelines.universal-config@8dc1aab4af1d)
    com.unity.ext.nunit@2.0.5 (location: /private/tmp/NBFXG2DissolveMaskProbe-20260928/Library/PackageCache/com.unity.ext.nunit@d8c07649098d)
  Embedded packages:
    com.xuanxuan.nb.fx@file:/private/tmp/NBFXG2DissolveMaskProbe-20260928/Packages/NB_FX (location: /private/tmp/NBFXG2DissolveMaskProbe-20260928/Packages/NB_FX)
[Subsystems] No new subsystems found in resolved package list.
[Package Manager] Done registering packages in 0.04 seconds
Assembly reference Packages/com.unity.cinemachine/Editor/Samples/ExposeHDRPInternals/HDRP-Editor-ref.asmref has no target assembly definition
Assembly reference Packages/com.unity.cinemachine/Editor/Samples/ExposeHDRPInternals/HDRP-Editor-ref.asmref has no target assembly definition
[ScriptCompilation] Requested script compilation because: Assetdatabase observed changes in script compilation related files
[40m[32minfo[39m[22m[49m: Microsoft.Hosting.Lifetime[14]
      Now listening on: http://unix:/tmp/ilpp.sock-07907e247025a4b6dcffe99ad949bb8d
[40m[32minfo[39m[22m[49m: Microsoft.Hosting.Lifetime[0]
      Application started. Press Ctrl+C to shut down.
[40m[32minfo[39m[22m[49m: Microsoft.Hosting.Lifetime[0]
      Hosting environment: Production
[40m[32minfo[39m[22m[49m: Microsoft.Hosting.Lifetime[0]
      Content root path: /private/tmp/NBFXG2DissolveMaskProbe-20260928/
[40m[32minfo[39m[22m[49m: Microsoft.AspNetCore.Hosting.Diagnostics[1]
      Request starting HTTP/2 POST http://ilpp/UnityILPP.PostProcessing/Ping application/grpc -
[40m[32minfo[39m[22m[49m: Microsoft.AspNetCore.Routing.EndpointMiddleware[0]
      Executing endpoint 'gRPC - /UnityILPP.PostProcessing/Ping'
[40m[32minfo[39m[22m[49m: Microsoft.AspNetCore.Routing.EndpointMiddleware[1]
      Executed endpoint 'gRPC - /UnityILPP.PostProcessing/Ping'
[40m[32minfo[39m[22m[49m: Microsoft.AspNetCore.Hosting.Diagnostics[2]
      Request finished HTTP/2 POST http://ilpp/UnityILPP.PostProcessing/Ping application/grpc - - 200 - application/grpc 22.1410ms
Starting: /Applications/Unity/Hub/Editor/6000.3.18f1/Unity.app/Contents/Resources/BuildPipeline/bee_backend --ipc --defer-dag-verification --dagfile="Library/Bee/200b0aEDbg.dag" --continue-on-failure --profile="Library/Bee/backend1.traceevents" ScriptAssemblies
WorkingDir: /private/tmp/NBFXG2DissolveMaskProbe-20260928
DisplayProgressbar: Compiling Scripts
[40m[32minfo[39m[22m[49m: Microsoft.AspNetCore.Hosting.Diagnostics[1]
      Request starting HTTP/2 POST http://ilpp/UnityILPP.PostProcessing/ConfigurePostProcessors application/grpc -
[40m[32minfo[39m[22m[49m: Microsoft.AspNetCore.Routing.EndpointMiddleware[0]
      Executing endpoint 'gRPC - /UnityILPP.PostProcessing/ConfigurePostProcessors'
[40m[1m[33mwarn[39m[22m[49m: Unity.ILPP.Runner.PostProcessingAssemblyLoadContext[0]
      Assembly system.runtime.interopservices.windowsruntime has duplicate hint path. Ignoring "/Applications/Unity/Hub/Editor/6000.3.18f1/Unity.app/Contents/Resources/Scripting/NetStandard/Extensions/2.0.0/System.Runtime.InteropServices.WindowsRuntime.dll" in favor of "/Applications/Unity/Hub/Editor/6000.3.18f1/Unity.app/Contents/Resources/Scripting/UnityReferenceAssemblies/unity-4.8-api/Facades/System.Runtime.InteropServices.WindowsRuntime.dll"
[40m[1m[33mwarn[39m[22m[49m: Unity.ILPP.Runner.PostProcessingAssemblyLoadContext[0]
      Assembly system.componentmodel.composition has duplicate hint path. Ignoring "/Applications/Unity/Hub/Editor/6000.3.18f1/Unity.app/Contents/Resources/Scripting/NetStandard/compat/2.1.0/shims/netfx/System.ComponentModel.Composition.dll" in favor of "/Applications/Unity/Hub/Editor/6000.3.18f1/Unity.app/Contents/Resources/Scripting/UnityReferenceAssemblies/unity-4.8-api/System.ComponentModel.Composition.dll"
[40m[32minfo[39m[22m[49m: Unity.ILPP.Runner.PostProcessingAssemblyLoadContext[0]
      Resolved Mono.Cecil, Version=0.11.5.0, Culture=neutral, PublicKeyToken=50cebf1cceb9d05e with Library/PackageCache/com.unity.nuget.mono-cecil@ecb9724e46ff/Mono.Cecil.dll
[40m[32minfo[39m[22m[49m: Unity.ILPP.Runner.PostProcessingAssemblyLoadContext[0]
      Resolved Unity.Burst.Cecil, Version=0.11.6.0, Culture=neutral, PublicKeyToken=50cebf1cceb9d05e with Library/PackageCache/com.unity.burst@6bb9aca3ef38/Unity.Burst.CodeGen/Unity.Burst.Cecil.dll
[40m[32minfo[39m[22m[49m: Microsoft.AspNetCore.Routing.EndpointMiddleware[1]
      Executed endpoint 'gRPC - /UnityILPP.PostProcessing/ConfigurePostProcessors'
[40m[32minfo[39m[22m[49m: Microsoft.AspNetCore.Hosting.Diagnostics[2]
      Request finished HTTP/2 POST http://ilpp/UnityILPP.PostProcessing/ConfigurePostProcessors application/grpc - - 200 - application/grpc 27.6749ms
ExitCode: 4 Duration: 0s249ms
Rebuilding DAG because FileSignature timestamp changed: Library/Bee/200b0aEDbg-inputdata.json
[690/907    0s] ILPP-Configuration Library/ilpp-configuration.nevergeneratedoutput
*** Tundra requires additional run (0.23 seconds), 1 items updated, 689 evaluated
Starting: /Applications/Unity/Hub/Editor/6000.3.18f1/Unity.app/Contents/Resources/Scripting/netcorerun/netcorerun "/Applications/Unity/Hub/Editor/6000.3.18f1/Unity.app/Contents/Resources/BuildPipeline/ScriptCompilationBuildProgram.exe" "Library/Bee/200b0aEDbg.dag.json" "Library/Bee/200b0aEDbg-inputdata.json" "Library/Bee/buildprogram0.traceevents"
WorkingDir: /private/tmp/NBFXG2DissolveMaskProbe-20260928
ExitCode: 0 Duration: 2s300ms
Starting: /Applications/Unity/Hub/Editor/6000.3.18f1/Unity.app/Contents/Resources/BuildPipeline/bee_backend --ipc --defer-dag-verification --dagfile="Library/Bee/200b0aEDbg.dag" --continue-on-failure --dagfilejson="Library/Bee/200b0aEDbg.dag.json" --profile="Library/Bee/backend2.traceevents" ScriptAssemblies
WorkingDir: /private/tmp/NBFXG2DissolveMaskProbe-20260928
[40m[32minfo[39m[22m[49m: Microsoft.AspNetCore.Hosting.Diagnostics[1]
      Request starting HTTP/2 POST http://ilpp/UnityILPP.PostProcessing/ConfigurePostProcessors application/grpc -
[40m[32minfo[39m[22m[49m: Microsoft.AspNetCore.Routing.EndpointMiddleware[0]
      Executing endpoint 'gRPC - /UnityILPP.PostProcessing/ConfigurePostProcessors'
[40m[32minfo[39m[22m[49m: Unity.ILPP.Runner.PostProcessingAssemblyLoadContext[0]
      Current configuration matches the requested one, skipping
[40m[32minfo[39m[22m[49m: Microsoft.AspNetCore.Routing.EndpointMiddleware[1]
      Executed endpoint 'gRPC - /UnityILPP.PostProcessing/ConfigurePostProcessors'
[40m[32minfo[39m[22m[49m: Microsoft.AspNetCore.Hosting.Diagnostics[2]
      Request finished HTTP/2 POST http://ilpp/UnityILPP.PostProcessing/ConfigurePostProcessors application/grpc - - 200 - application/grpc 2.7240ms
[40m[32minfo[39m[22m[49m: Microsoft.AspNetCore.Hosting.Diagnostics[1]
      Request starting HTTP/2 POST http://ilpp/UnityILPP.PostProcessing/PostProcessAssembly application/grpc -
[40m[32minfo[39m[22m[49m: Microsoft.AspNetCore.Routing.EndpointMiddleware[0]
      Executing endpoint 'gRPC - /UnityILPP.PostProcessing/PostProcessAssembly'
[40m[32minfo[39m[22m[49m: Unity.ILPP.Runner.PostProcessingPipeline[0]
      Processing assembly Library/Bee/artifacts/200b0aEDbg.dag/NBFX.G2.URP.Editor.Tests.dll, with 133 defines and 276 references
[40m[32minfo[39m[22m[49m: Unity.ILPP.Runner.PostProcessingPipeline[0]
      processors: Unity.Jobs.CodeGen.JobsILPostProcessor, Unity.Pipeline.CodeGen.CodeReloadInPlaceILPostProcessor, zzzUnity.Burst.CodeGen.BurstILPostProcessor
[40m[32minfo[39m[22m[49m: Unity.ILPP.Runner.PostProcessingPipeline[0]
      running Unity.Jobs.CodeGen.JobsILPostProcessor
[40m[32minfo[39m[22m[49m: Unity.ILPP.Runner.PostProcessingPipeline[0]
      running Unity.Pipeline.CodeGen.CodeReloadInPlaceILPostProcessor
[40m[32minfo[39m[22m[49m: Unity.ILPP.Runner.PostProcessingPipeline[0]
      running zzzUnity.Burst.CodeGen.BurstILPostProcessor
[40m[32minfo[39m[22m[49m: Microsoft.AspNetCore.Routing.EndpointMiddleware[1]
      Executed endpoint 'gRPC - /UnityILPP.PostProcessing/PostProcessAssembly'
[40m[32minfo[39m[22m[49m: Microsoft.AspNetCore.Hosting.Diagnostics[2]
      Request finished HTTP/2 POST http://ilpp/UnityILPP.PostProcessing/PostProcessAssembly application/grpc - - 200 - application/grpc 13.0767ms
ExitCode: 0 Duration: 3s769ms
Finished compiling graph: 910 nodes, 19065 flattened edges (15455 ToBuild, 156 ToUse), maximum node priority 1134
[471/907    0s] WriteText Library/Bee/artifacts/200b0aEDbg.dag/NBFX.G2.URP.Editor.Tests.rsp
[689/907    0s] ILPP-Configuration Library/ilpp-configuration.nevergeneratedoutput
[903/907    1s] Csc Library/Bee/artifacts/200b0aEDbg.dag/NBFX.G2.URP.Editor.Tests.dll (+2 others)
Packages/NB_FX/Tests/URP/Editor/G4GraphMeshParityTests.cs(440,33): warning CS0618: 'ShaderUtil.GetPropertyCount(Shader)' is obsolete: 'Use Shader.GetPropertyCount instead.'
Packages/NB_FX/Tests/URP/Editor/G4GraphMeshParityTests.cs(442,31): warning CS0618: 'ShaderUtil.GetPropertyName(Shader, int)' is obsolete: 'Use Shader.GetPropertyName instead.'
Packages/NB_FX/Tests/URP/Editor/G4GraphMeshParityTests.cs(443,28): warning CS0618: 'ShaderUtil.GetPropertyType(Shader, int)' is obsolete: 'Use Shader.GetPropertyType instead.'
Packages/NB_FX/Tests/URP/Editor/G4GraphMeshParityTests.cs(447,26): warning CS0618: 'ShaderUtil.ShaderPropertyType' is obsolete: 'Use UnityEngine.Rendering.ShaderPropertyType instead.'
Packages/NB_FX/Tests/URP/Editor/G4GraphMeshParityTests.cs(448,26): warning CS0618: 'ShaderUtil.ShaderPropertyType' is obsolete: 'Use UnityEngine.Rendering.ShaderPropertyType instead.'
Packages/NB_FX/Tests/URP/Editor/G4GraphMeshParityTests.cs(449,26): warning CS0618: 'ShaderUtil.ShaderPropertyType' is obsolete: 'Use UnityEngine.Rendering.ShaderPropertyType instead.'
Packages/NB_FX/Tests/URP/Editor/G4GraphMeshParityTests.cs(449,26): warning CS0618: 'ShaderUtil.ShaderPropertyType.TexEnv' is obsolete: 'Use UnityEngine.Rendering.ShaderPropertyType.Texture instead.'
Packages/NB_FX/Tests/URP/Editor/G4GraphMeshParityTests.cs(453,26): warning CS0618: 'ShaderUtil.ShaderPropertyType' is obsolete: 'Use UnityEngine.Rendering.ShaderPropertyType instead.'
[           0s] Csc Library/Bee/artifacts/200b0aEDbg.dag/NBFX.G2.URP.Editor.Tests.dll (+2 others) [CacheWrite 00000000000000000000000000000005]
[904/907    0s] ILPostProcess Library/Bee/artifacts/200b0aEDbg.dag/post-processed/NBFX.G2.URP.Editor.Tests.dll (+pdb)
Processing assembly Library/Bee/artifacts/200b0aEDbg.dag/NBFX.G2.URP.Editor.Tests.dll, with 133 defines and 276 references
processors: Unity.Jobs.CodeGen.JobsILPostProcessor, Unity.Pipeline.CodeGen.CodeReloadInPlaceILPostProcessor, zzzUnity.Burst.CodeGen.BurstILPostProcessor
running Unity.Jobs.CodeGen.JobsILPostProcessor
running Unity.Pipeline.CodeGen.CodeReloadInPlaceILPostProcessor
running zzzUnity.Burst.CodeGen.BurstILPostProcessor
[905/907    0s] CopyFiles Library/ScriptAssemblies/NBFX.G2.URP.Editor.Tests.pdb
[906/907    0s] CopyFiles Library/ScriptAssemblies/NBFX.G2.URP.Editor.Tests.dll
*** Tundra build success (3.75 seconds), 6 items updated, 907 evaluated
Packages/NB_FX/Tests/URP/Editor/G4GraphMeshParityTests.cs(440,33): warning CS0618: 'ShaderUtil.GetPropertyCount(Shader)' is obsolete: 'Use Shader.GetPropertyCount instead.'
Packages/NB_FX/Tests/URP/Editor/G4GraphMeshParityTests.cs(442,31): warning CS0618: 'ShaderUtil.GetPropertyName(Shader, int)' is obsolete: 'Use Shader.GetPropertyName instead.'
Packages/NB_FX/Tests/URP/Editor/G4GraphMeshParityTests.cs(443,28): warning CS0618: 'ShaderUtil.GetPropertyType(Shader, int)' is obsolete: 'Use Shader.GetPropertyType instead.'
Packages/NB_FX/Tests/URP/Editor/G4GraphMeshParityTests.cs(447,26): warning CS0618: 'ShaderUtil.ShaderPropertyType' is obsolete: 'Use UnityEngine.Rendering.ShaderPropertyType instead.'
Packages/NB_FX/Tests/URP/Editor/G4GraphMeshParityTests.cs(448,26): warning CS0618: 'ShaderUtil.ShaderPropertyType' is obsolete: 'Use UnityEngine.Rendering.ShaderPropertyType instead.'
Packages/NB_FX/Tests/URP/Editor/G4GraphMeshParityTests.cs(449,26): warning CS0618: 'ShaderUtil.ShaderPropertyType' is obsolete: 'Use UnityEngine.Rendering.ShaderPropertyType instead.'
Packages/NB_FX/Tests/URP/Editor/G4GraphMeshParityTests.cs(449,26): warning CS0618: 'ShaderUtil.ShaderPropertyType.TexEnv' is obsolete: 'Use UnityEngine.Rendering.ShaderPropertyType.Texture instead.'
Packages/NB_FX/Tests/URP/Editor/G4GraphMeshParityTests.cs(453,26): warning CS0618: 'ShaderUtil.ShaderPropertyType' is obsolete: 'Use UnityEngine.Rendering.ShaderPropertyType instead.'
AssetDatabase: script compilation time: 6.833803s
Begin MonoManager ReloadAssembly
Total cache size 269909279
Total cache size after purge 265791175, took 00:00:00.1640297
Symbol file LoadedFromMemory is not a mono symbol file
- Loaded All Assemblies, in  0.623 seconds
Refreshing native plugins compatible for Editor in 1.54 ms, found 2 plugins.
Native extension for Android target not found
Native extension for OSXStandalone target not found
Assembly reference Packages/com.unity.cinemachine/Editor/Samples/ExposeHDRPInternals/HDRP-Editor-ref.asmref has no target assembly definition
[com.unity.burst] Burst is disabled entirely from the command line or environment variable
UnityEngine.Debug:ExtractStackTraceNoAlloc (byte*,int,string)
UnityEngine.StackTraceUtility:ExtractStackTrace () (at /Users/bokken/build/output/unity/unity/Runtime/Export/Scripting/StackTrace.cs:35)
UnityEngine.DebugLogHandler:Internal_Log (UnityEngine.LogType,UnityEngine.LogOption,string,UnityEngine.Object)
UnityEngine.DebugLogHandler:LogFormat (UnityEngine.LogType,UnityEngine.Object,string,object[])
UnityEngine.Logger:Log (UnityEngine.LogType,object)
UnityEngine.Debug:LogWarning (object)
Unity.Burst.Editor.BurstLoader:.cctor () (at ./Library/PackageCache/com.unity.burst@6bb9aca3ef38/Runtime/Editor/BurstLoader.cs:108)
System.Runtime.CompilerServices.RuntimeHelpers:RunClassConstructor (System.RuntimeTypeHandle)
UnityEditor.EditorAssemblies:ProcessInitializeOnLoadAttributes (System.Type[]) (at /Users/bokken/build/output/unity/unity/Editor/Mono/EditorAssemblies.cs:124)

(Filename: ./Library/PackageCache/com.unity.burst@6bb9aca3ef38/Runtime/Editor/BurstLoader.cs Line: 108)

Start HTTP server: port:7801
Refreshing native plugins compatible for Editor in 0.50 ms, found 2 plugins.
ScheduleIndexationOnStartup MainProcess:True IndexOnStartup:True
Mono: successfully reloaded assembly
- Finished resetting the current domain, in  0.779 seconds
Domain Reload Profiling: 1402ms
	BeginReloadAssembly (135ms)
		ExecutionOrderSort (0ms)
		DisableScriptedObjects (9ms)
		BackupInstance (0ms)
		ReleaseScriptingObjects (0ms)
		CreateAndSetChildDomain (48ms)
	RebuildCommonClasses (23ms)
	RebuildNativeTypeToScriptingClass (9ms)
	initialDomainReloadingComplete (29ms)
	LoadAllAssembliesAndSetupDomain (427ms)
		LoadAssemblies (260ms)
		RebuildTransferFunctionScriptingTraits (0ms)
		AnalyzeDomain (220ms)
			TypeCache.Refresh (182ms)
				TypeCache.ScanAssembly (169ms)
			BuildScriptInfoCaches (30ms)
			ResolveRequiredComponents (6ms)
	FinalizeReload (779ms)
		ReleaseScriptCaches (0ms)
		RebuildScriptCaches (0ms)
		SetupLoadedEditorAssemblies (594ms)
			LogAssemblyErrors (0ms)
			InitializePlatformSupportModulesInManaged (14ms)
			SetLoadedEditorAssemblies (3ms)
			BeforeProcessingInitializeOnLoad (110ms)
			ProcessInitializeOnLoadAttributes (430ms)
			ProcessInitializeOnLoadMethodAttributes (36ms)
			AfterProcessingInitializeOnLoad (1ms)
			EditorAssembliesLoaded (0ms)
		ExecutionOrderSort2 (0ms)
		AwakeInstancesAfterBackupRestoration (8ms)
Start importing Packages/com.xuanxuan.nb.fx/NBShaders2/ShaderGraph/NBGraphBaseColor.hlsl using Guid(bd4f55680f9246c4bef4bc51d1d80067) (ShaderIncludeImporter) -> (artifact id: 'a241b623f3b12e2c3ae2ca706002b9b8') in 0.005345291 seconds
Start importing Packages/com.xuanxuan.nb.fx/NBShaders2/ShaderGraph/NBShaderGraph.shadergraph using Guid(63c742d3d39d403693767ca92e94d789) (ScriptedImporter)Launching external process: /Applications/Unity/Hub/Editor/6000.3.18f1/Unity.app/Contents/Helpers/UnityShaderCompiler
Launched and connected shader compiler UnityShaderCompiler after 0.03 seconds
 -> (artifact id: 'c80c78ca6fb10d4fa67adf862590afd0') in 0.751303167 seconds
Start importing Packages/com.xuanxuan.nb.fx/NBShaders2/ShaderGraph/Samples/NBGraphVFXMeshMinimum.vfx using Guid(e0607961b7904f65861f7fc192b6bf03) (VisualEffectImporter) -> (artifact id: '48fbeda75da4df0c1374ebfdbcbe20b3') in 0.001989458 seconds
Start importing Packages/com.xuanxuan.nb.fx/NBShaders2/ShaderGraph/Samples/NBGraphVFXMeshMinimum.vfx using Guid(e0607961b7904f65861f7fc192b6bf03) (VisualEffectImporter)DisplayProgressbar: Compiling Packages/com.xuanxuan.nb.fx/NBShaders2/ShaderGraph/Samples/NBGraphVFXMeshMinimum.vfx
 -> (artifact id: '25e149aed6d41c61369ebf70676d34bc') in 0.586436625 seconds
Script 'Library/PackageCache/com.unity.test-framework@ecf40a72f8c1/Tests/TestNewCustomAssembly/TestNewCustomAssembly.asmdef' will not be compiled because it exists outside the Assets folder and does not to belong to any assembly definition file.
Script 'Library/PackageCache/com.unity.mathematics@19a9377c4ffa/Tests/Unity.Mathematics.Tests.asmdef' will not be compiled because it exists outside the Assets folder and does not to belong to any assembly definition file.
Script 'Library/PackageCache/com.unity.collections@9796e5ee0d9e/Unity.Collections.Tests/System.Runtime.CompilerServices.Unsafe/System.Runtime.CompilerServices.Unsafe.xml' will not be compiled because it exists outside the Assets folder and does not to belong to any assembly definition file.
Script 'Library/PackageCache/com.unity.collections@9796e5ee0d9e/DocCodeSamples.Tests/DocCodeSamples.Tests.asmdef' will not be compiled because it exists outside the Assets folder and does not to belong to any assembly definition file.
Script 'Library/PackageCache/com.unity.collections@9796e5ee0d9e/Unity.Collections.PerformanceTests/Unity.Collections.PerformanceTests.asmdef' will not be compiled because it exists outside the Assets folder and does not to belong to any assembly definition file.
Script 'Library/PackageCache/com.unity.pipeline@ab05e9cd7f74/Tests/Runtime/Unity.Pipeline.Tests.Runtime.asmdef' will not be compiled because it exists outside the Assets folder and does not to belong to any assembly definition file.
Script 'Library/PackageCache/com.unity.timeline@8cd8509afae5/DocCodeExamples/DocCodeExamples.asmdef' will not be compiled because it exists outside the Assets folder and does not to belong to any assembly definition file.
Script 'Library/PackageCache/com.unity.multiplayer.center@f01f4ba8d00a/Tests/Runtime/Unity.Multiplayer.Center.Tests.asmdef' will not be compiled because it exists outside the Assets folder and does not to belong to any assembly definition file.
Script 'Library/PackageCache/com.unity.render-pipelines.core@43eeb73e554f/Tests/Runtime/Threading/FunctionTestsGroup.compute' will not be compiled because it exists outside the Assets folder and does not to belong to any assembly definition file.
Script 'Library/PackageCache/com.unity.ugui@2e4da8434a5c/Tests/Runtime/UGUI/UnityEngine.UI.Tests.asmdef' will not be compiled because it exists outside the Assets folder and does not to belong to any assembly definition file.
Script 'Library/PackageCache/com.unity.inputsystem@21a28c3a6c83/Tests/IntegrationTests/Unity.InputSystem.IntegrationTests.asmdef' will not be compiled because it exists outside the Assets folder and does not to belong to any assembly definition file.
Script 'Library/PackageCache/com.unity.collections@9796e5ee0d9e/Unity.Collections.Tests.Playmode/FixedListPlayModeTests.tt' will not be compiled because it exists outside the Assets folder and does not to belong to any assembly definition file.
Script 'Library/PackageCache/com.unity.ugui@2e4da8434a5c/Tests/Runtime/TMP/Unity.TextMeshPro.Tests.asmdef' will not be compiled because it exists outside the Assets folder and does not to belong to any assembly definition file.
Script 'Library/PackageCache/com.unity.render-pipelines.universal@35356061dd01/Tests/Runtime/Unity.RenderPipelines.Universal.Runtime.Tests.asmdef' will not be compiled because it exists outside the Assets folder and does not to belong to any assembly definition file.
Script 'Library/PackageCache/com.unity.visualeffectgraph@f89f6436500a/Tests/Runtime/Unity.VisualEffectGraph.Runtime.Tests.asmdef' will not be compiled because it exists outside the Assets folder and does not to belong to any assembly definition file.
Script 'Library/PackageCache/com.unity.collections@9796e5ee0d9e/Unity.Collections.BurstCompatibilityGen/Unity.Collections.BurstCompatibilityGen.asmdef' will not be compiled because it exists outside the Assets folder and does not to belong to any assembly definition file.
Refreshing native plugins compatible for Editor in 0.89 ms, found 2 plugins.
Preloading 0 native plugins for Editor in 0.00 ms.
Asset Pipeline Refresh (id=f946963bc6632478da187b819b89f9d7): Total: 11.610 seconds - Initiated by InitialRefreshV2(ForceSynchronousImport)
	Summary:
		Imports: total=4 (actual=4, local cache=0, cache server=0)
		Asset DB Process Time: managed=1 ms, native=3250 ms
		Asset DB Callback time: managed=674 ms, native=178 ms
		Scripting: domain reloads=1, domain reload time=623 ms, compile time=6835 ms, other=46 ms
		Project Asset Count: scripts=1419, non-scripts=2901
		Asset File Changes: new=1, changed=3, moved=0, deleted=0
		Scan Filter Count: 5
	InvokeCustomDependenciesCallbacks: 0.001ms
	InvokePackagesCallback: 40.580ms
	ApplyChangesToAssetFolders: 0.353ms
	Scan: 805.446ms
	OnSourceAssetsModified: 0.567ms
	CategorizeAssetsWithTransientArtifact: 27.097ms
	ProcessAssetsWithTransientArtifactChanges: 42.511ms
	CategorizeAssets: 68.910ms
	ImportOutOfDateAssets: 2195.497ms (-6053.176ms without children)
		ImportManagerImport: 1408.862ms (60.131ms without children)
			ImportInProcess: 1348.441ms
			UpdateCategorizedAssets: 0.289ms
		CompileScripts: 6834.625ms
		ReloadNativeAssets: 0.045ms
		UnloadImportedAssets: 0.912ms
		ReloadImportedAssets: 3.026ms
		EnsureUptoDateAssetsAreRegisteredWithGuidPM: 0.777ms
		InitializingProgressBar: 0.007ms
		PostProcessAllAssetNotificationsAddChangedAssets: 0.000ms
		OnDemandSchedulerStart: 0.419ms
	PostProcessAllAssets: 1440.805ms
	Hotreload: 1.824ms
	GatherAllCurrentPrimaryArtifactRevisions: 0.139ms
	UnloadStreamsBegin: 0.758ms
	PersistCurrentRevisions: 0.255ms
	UnloadStreamsEnd: 0.000ms
	GenerateScriptTypeHashes: 1.740ms
	Untracked: 6985.061ms

Application.AssetDatabase Initial Refresh End
Scanning for USB devices : 0.021ms
Initializing Unity extensions:
Script 'Library/PackageCache/com.unity.test-framework@ecf40a72f8c1/Tests/TestNewCustomAssembly/TestNewCustomAssembly.asmdef' will not be compiled because it exists outside the Assets folder and does not to belong to any assembly definition file.
Script 'Library/PackageCache/com.unity.mathematics@19a9377c4ffa/Tests/Unity.Mathematics.Tests.asmdef' will not be compiled because it exists outside the Assets folder and does not to belong to any assembly definition file.
Script 'Library/PackageCache/com.unity.collections@9796e5ee0d9e/Unity.Collections.Tests/System.Runtime.CompilerServices.Unsafe/System.Runtime.CompilerServices.Unsafe.xml' will not be compiled because it exists outside the Assets folder and does not to belong to any assembly definition file.
Script 'Library/PackageCache/com.unity.collections@9796e5ee0d9e/DocCodeSamples.Tests/DocCodeSamples.Tests.asmdef' will not be compiled because it exists outside the Assets folder and does not to belong to any assembly definition file.
Script 'Library/PackageCache/com.unity.collections@9796e5ee0d9e/Unity.Collections.PerformanceTests/Unity.Collections.PerformanceTests.asmdef' will not be compiled because it exists outside the Assets folder and does not to belong to any assembly definition file.
Script 'Library/PackageCache/com.unity.pipeline@ab05e9cd7f74/Tests/Runtime/Unity.Pipeline.Tests.Runtime.asmdef' will not be compiled because it exists outside the Assets folder and does not to belong to any assembly definition file.
Script 'Library/PackageCache/com.unity.timeline@8cd8509afae5/DocCodeExamples/DocCodeExamples.asmdef' will not be compiled because it exists outside the Assets folder and does not to belong to any assembly definition file.
Script 'Library/PackageCache/com.unity.multiplayer.center@f01f4ba8d00a/Tests/Runtime/Unity.Multiplayer.Center.Tests.asmdef' will not be compiled because it exists outside the Assets folder and does not to belong to any assembly definition file.
Script 'Library/PackageCache/com.unity.render-pipelines.core@43eeb73e554f/Tests/Runtime/Threading/FunctionTestsGroup.compute' will not be compiled because it exists outside the Assets folder and does not to belong to any assembly definition file.
Script 'Library/PackageCache/com.unity.ugui@2e4da8434a5c/Tests/Runtime/UGUI/UnityEngine.UI.Tests.asmdef' will not be compiled because it exists outside the Assets folder and does not to belong to any assembly definition file.
Script 'Library/PackageCache/com.unity.inputsystem@21a28c3a6c83/Tests/IntegrationTests/Unity.InputSystem.IntegrationTests.asmdef' will not be compiled because it exists outside the Assets folder and does not to belong to any assembly definition file.
Script 'Library/PackageCache/com.unity.collections@9796e5ee0d9e/Unity.Collections.Tests.Playmode/FixedListPlayModeTests.tt' will not be compiled because it exists outside the Assets folder and does not to belong to any assembly definition file.
Script 'Library/PackageCache/com.unity.ugui@2e4da8434a5c/Tests/Runtime/TMP/Unity.TextMeshPro.Tests.asmdef' will not be compiled because it exists outside the Assets folder and does not to belong to any assembly definition file.
Script 'Library/PackageCache/com.unity.render-pipelines.universal@35356061dd01/Tests/Runtime/Unity.RenderPipelines.Universal.Runtime.Tests.asmdef' will not be compiled because it exists outside the Assets folder and does not to belong to any assembly definition file.
Script 'Library/PackageCache/com.unity.visualeffectgraph@f89f6436500a/Tests/Runtime/Unity.VisualEffectGraph.Runtime.Tests.asmdef' will not be compiled because it exists outside the Assets folder and does not to belong to any assembly definition file.
Script 'Library/PackageCache/com.unity.collections@9796e5ee0d9e/Unity.Collections.BurstCompatibilityGen/Unity.Collections.BurstCompatibilityGen.asmdef' will not be compiled because it exists outside the Assets folder and does not to belong to any assembly definition file.
[MODES] ModeService[none].Initialize
[MODES] ModeService[none].LoadModes
[MODES] Loading mode Default (0) for mode-current-id-NBUnityProject
2026-10-01 09:28:02.321 Unity[69107:19080288] NSEventModifierFlagFunction specified to -setKeyEquivalentModifierMask: for item <NSMenuItem: 0x367fe86d0 SDF, ke='Command-F12'>, but is only supported for system-provided menu items; will not be used
Unloading 74 Unused Serialized files (Serialized files now loaded: 0)
Unloading 6357 unused Assets / (15.6 MB). Loaded Objects now: 7699.
Memory consumption went from 267.3 MB to 251.7 MB.
Total: 11.541625 ms (FindLiveObjects: 0.302958 ms CreateObjectMapping: 0.180333 ms MarkObjects: 7.948334 ms  DeleteObjects: 3.109750 ms)

2026-10-01 09:28:02.364 Unity[69107:19080288] NSEventModifierFlagFunction specified to -setKeyEquivalentModifierMask: for item <NSMenuItem: 0x34b217c10 SDF, ke='Command-F12'>, but is only supported for system-provided menu items; will not be used
Batchmode quit successfully invoked - shutting down!
Pipeline Server stopped
Curl error 42: Callback aborted
Killing ADB server in 0.041728 seconds.
The command could not be loaded, possibly because:
  * You intended to execute a .NET application:
      The application 'build-server' does not exist.
  * You intended to execute a .NET SDK command:
      No .NET SDKs were found.

Download a .NET SDK:
https://aka.ms/dotnet-download

Learn about SDK resolution:
https://aka.ms/dotnet/sdk-not-found
<CFData 0x34b97ce60 [0x1f3d1bef8]>{length = 6, capacity = 6, bytes = 0x80a997197da0}
Start importing Packages/com.xuanxuan.nb.fx/NBShaders2/ShaderGraph/Samples/NBGraphVFXMeshMinimum.vfx using Guid(e0607961b7904f65861f7fc192b6bf03) (VisualEffectImporter) -> (artifact id: '83dc5895752a2a6d0c61fc406f8d95d3') in 0.405215875 seconds
Refreshing native plugins compatible for Editor in 0.48 ms, found 2 plugins.
Preloading 0 native plugins for Editor in 0.00 ms.
Asset Pipeline Refresh (id=a6b1f2cf652bb46f886c58d411439fab): Total: 0.466 seconds - Initiated by StopAssetImportingV2(NoUpdateAssetOptions)
	Summary:
		Imports: total=1 (actual=1, local cache=0, cache server=0)
		Asset DB Process Time: managed=0 ms, native=457 ms
		Asset DB Callback time: managed=1 ms, native=6 ms
		Scripting: domain reloads=0, domain reload time=0 ms, compile time=0 ms, other=0 ms
		Project Asset Count: scripts=1419, non-scripts=2901
		Asset File Changes: new=0, changed=1, moved=0, deleted=0
		Scan Filter Count: 5
	InvokeCustomDependenciesCallbacks: 0.000ms
	InvokePackagesCallback: 0.000ms
	ApplyChangesToAssetFolders: 0.175ms
	Scan: 6.743ms
	OnSourceAssetsModified: 0.326ms
	CategorizeAssetsWithTransientArtifact: 0.007ms
	ProcessAssetsWithTransientArtifactChanges: 0.088ms
	CategorizeAssets: 14.931ms
	ImportOutOfDateAssets: 431.176ms (-2.214ms without children)
		ImportManagerImport: 409.005ms (2.818ms without children)
			ImportInProcess: 405.901ms
			UpdateCategorizedAssets: 0.286ms
		ReloadNativeAssets: 21.401ms
		UnloadImportedAssets: 0.095ms
		ReloadImportedAssets: 2.337ms
		EnsureUptoDateAssetsAreRegisteredWithGuidPM: 0.348ms
		InitializingProgressBar: 0.003ms
		PostProcessAllAssetNotificationsAddChangedAssets: 0.000ms
		OnDemandSchedulerStart: 0.198ms
	PostProcessAllAssets: 6.671ms
	Hotreload: 1.256ms
	GatherAllCurrentPrimaryArtifactRevisions: 0.122ms
	UnloadStreamsBegin: 0.033ms
	PersistCurrentRevisions: 0.270ms
	UnloadStreamsEnd: 0.000ms
	Untracked: 4.463ms

Start importing Packages/com.xuanxuan.nb.fx/NBShaders2/ShaderGraph/Samples/NBGraphVFXMeshMinimum.vfx using Guid(e0607961b7904f65861f7fc192b6bf03) (VisualEffectImporter) -> (artifact id: 'f149fe141a0955d72cc8b081656dee99') in 0.375055584 seconds
Refreshing native plugins compatible for Editor in 0.47 ms, found 2 plugins.
Preloading 0 native plugins for Editor in 0.00 ms.
Asset Pipeline Refresh (id=3c0e59e7ac5f141a68e81a03f42fd5ac): Total: 0.389 seconds - Initiated by StopAssetImportingV2(NoUpdateAssetOptions)
	Summary:
		Imports: total=1 (actual=1, local cache=0, cache server=0)
		Asset DB Process Time: managed=0 ms, native=382 ms
		Asset DB Callback time: managed=1 ms, native=4 ms
		Scripting: domain reloads=0, domain reload time=0 ms, compile time=0 ms, other=0 ms
		Project Asset Count: scripts=1419, non-scripts=2901
		Asset File Changes: new=0, changed=0, moved=0, deleted=0
		Scan Filter Count: 5
	InvokeCustomDependenciesCallbacks: 0.000ms
	InvokePackagesCallback: 0.000ms
	ApplyChangesToAssetFolders: 0.065ms
	Scan: 3.178ms
	OnSourceAssetsModified: 0.000ms
	CategorizeAssetsWithTransientArtifact: 0.004ms
	ProcessAssetsWithTransientArtifactChanges: 0.019ms
	CategorizeAssets: 0.575ms
	ImportOutOfDateAssets: 378.178ms (-0.740ms without children)
		ImportManagerImport: 377.323ms (1.097ms without children)
			ImportInProcess: 375.974ms
			UpdateCategorizedAssets: 0.252ms
		ReloadNativeAssets: 0.028ms
		UnloadImportedAssets: 0.241ms
		ReloadImportedAssets: 0.860ms
		EnsureUptoDateAssetsAreRegisteredWithGuidPM: 0.292ms
		InitializingProgressBar: 0.003ms
		PostProcessAllAssetNotificationsAddChangedAssets: 0.000ms
		OnDemandSchedulerStart: 0.171ms
	PostProcessAllAssets: 4.418ms
	Hotreload: 1.187ms
	GatherAllCurrentPrimaryArtifactRevisions: 0.074ms
	UnloadStreamsBegin: 0.015ms
	PersistCurrentRevisions: 0.118ms
	UnloadStreamsEnd: 0.000ms
	Untracked: 0.747ms

Thread 0x331b8b000 may have been prematurely finalized
Input System module state changed to: ShutdownInProgress.
Input System polling thread exited.
Input System module state changed to: Shutdown.
[Physics::Module] Cleanup current backend.
[Physics::Module] Id: 0xf2b8ea05
[Licensing::IpcConnector] LicenseClient-bytedance-notifications channel disconnected successfully.
[Licensing::IpcConnector] LicenseClient-bytedance channel disconnected successfully.
Thread 0x178e8f000 may have been prematurely finalized
Thread 0x178e03000 may have been prematurely finalized
Thread 0x178f1b000 may have been prematurely finalized
Thread 0x178c5f000 may have been prematurely finalized
Thread 0x178ceb000 may have been prematurely finalized
Thread 0x178d77000 may have been prematurely finalized
Thread 0x178bd3000 may have been prematurely finalized
AcceleratorClientConnectionCallback - disconnected - :0
[40m[32minfo[39m[22m[49m: Microsoft.Hosting.Lifetime[0]
      Application is shutting down...
Cleanup mono
[40m[32minfo[39m[22m[49m: Unity.ILPP.Runner.PostProcessingAssemblyLoadContext[0]
      ALC ILPP context 1 is unloading
09:28:03.452 |V| RiderPlugin                    | :1                             | AppDomain.CurrentDomain.DomainUnload lifetimeDefinition.Terminate
debugger-agent: Unable to listen on 44
Exiting batchmode successfully now!
[Package Manager] Server process was shutdown
