Mono path[0] = '/Users/bytedance/UnityProject/NBUnityProject/Temp/NBFXGF/GFPlayer.app/Contents/Resources/Data/Managed'
Mono config path = '/Users/bytedance/UnityProject/NBUnityProject/Temp/NBFXGF/GFPlayer.app/Contents/MonoBleedingEdge/etc'
Input System module state changed to: Initialized.
[Physics::Module] Initialized fallback backend.
[Physics::Module] Id: 0xdecafbad
Initialize engine version: 6000.3.18f1 (5ebeb53e4c07)
[Subsystems] Discovering subsystems at path /Users/bytedance/UnityProject/NBUnityProject/Temp/NBFXGF/GFPlayer.app/Contents/Resources/Data/UnitySubsystems
GfxDevice: creating device client; kGfxThreadingModeNonThreaded
 preferred device: Apple M3 Pro (high power)
Metal devices available: 1
0: Apple M3 Pro (high power)
Using device Apple M3 Pro (high power)
Initializing Metal device caps: Apple M3 Pro
Mac GPU Family: 2
Apple GPU Family: 9
MSL Version: 3.0
Has Float MSAA: 1
Has Float Filtering: 1
ReadWrite Texture Tier: 2
Begin MonoManager ReloadAssembly
- Loaded All Assemblies, in  0.745 seconds
- Finished resetting the current domain, in  0.003 seconds
[Physics::Module] Selected backend.
[Physics::Module] Name: PhysX
[Physics::Module] Id: 0xf2b8ea05
[Physics::Module] SDK Version: 4.1.2
[Physics::Module] Integration Version: 1.0.0
[Physics::Module] Threading Mode: Multi-Threaded
Shader 'Hidden/VFX/GF_VFXOutput_NBSubTarget/Simple Loop/Output Particle Shader Graph Quad - Unlit': fallback shader 'Hidden/Shader Graph/FallbackError' not found
UnloadTime: 0.247375 ms
NBFX GF Player: {"unityVersion":"6000.3.18f1","graphicsDevice":"Metal","alive":2,"culled":false,"meshDeferredChanged":1764,"meshCameraChanged":1764,"meshBaselineCenterRed":187,"meshDeferredCenterRed":175,"visiblePixels":16,"deferredChanged":16,"cameraChanged":15,"passed":true,"error":""}
Thread 0x17178f000 may have been prematurely finalized
[Physics::Module] Cleanup current backend.
[Physics::Module] Id: 0xf2b8ea05
Input System module state changed to: ShutdownInProgress.
Input System polling thread exited.
Input System module state changed to: Shutdown.
Thread 0x170393000 may have been prematurely finalized
Thread 0x17041f000 may have been prematurely finalized
Thread 0x1704ab000 may have been prematurely finalized
Thread 0x170537000 may have been prematurely finalized
