{
  "mode": "preview-only",
  "noProductUnityGitWrites": true,
  "scope": "ordinary Mesh F0 Flipbook",
  "graphAudit": {
    "oldObjects": 997,
    "newObjects": 1016,
    "changedOriginalIds": [
      "3a9a7297f5dc4c46a1b595a6709c6f26",
      "4da10efdb74d4018bc46e220cabc3b3f",
      "bfbe4db95e244466bfde448f6946ba32",
      "f712bc264a1c40848edc2dd476a4cada"
    ],
    "UV3Node": "21f47eec3170556ea75ad02943cc9bb5",
    "newBaseUVSlots": [
      37,
      38,
      39,
      40,
      41
    ],
    "newColorSlots": [
      203,
      204,
      205
    ]
  },
  "files": {
    "graph": {
      "target": "/Users/bytedance/UnityProject/NBUnityProject/Packages/NB_FX/NBShaders2/ShaderGraph/NBShaderGraph.shadergraph",
      "preview": "/tmp/nbfx-flipbook-preview/NBShaderGraph.shadergraph",
      "inputSHA256": "24bb84c9f37b34256f305a86dad0e3b4e4f74ee9db7895fec64f906723284da0",
      "previewSHA256": "68220391d61e5a903a98ca51d2cdf3d6e1e1c77040548fc7458fff62ffddbd41"
    },
    "baseuv": {
      "target": "/Users/bytedance/UnityProject/NBUnityProject/Packages/NB_FX/NBShaders2/ShaderGraph/NBGraphBaseUV.hlsl",
      "preview": "/tmp/nbfx-flipbook-preview/NBGraphBaseUV.hlsl",
      "inputSHA256": "305b618e9bb02276a64844db909ce58613529a88069161f9dc821d473ec3b33f",
      "previewSHA256": "8444a5f078820237c4acbc118391d307a20afbb4e499b4b320f08842057c0452"
    },
    "color": {
      "target": "/Users/bytedance/UnityProject/NBUnityProject/Packages/NB_FX/NBShaders2/ShaderGraph/NBGraphBaseColor.hlsl",
      "preview": "/tmp/nbfx-flipbook-preview/NBGraphBaseColor.hlsl",
      "inputSHA256": "5bd25d0be2ece6db716095801569fa36b43c803610593e499099ea5e469d7704",
      "previewSHA256": "9ba3d6321ac3261c920f1bcb6e1b59189ab67e5f25fc677d300b8e1a86385b3c"
    },
    "shared": {
      "target": "/Users/bytedance/UnityProject/NBUnityProject/Packages/NB_FX/NBShaders2/Shader/HLSL/NBShaderUVV1.hlsl",
      "preview": "/tmp/nbfx-flipbook-preview/NBShaderUVV1.hlsl",
      "inputSHA256": "18760e871fe6ff409346b880dc9e7c431fdac533eff9f0d65a5fd2d67fd914c8",
      "previewSHA256": "7c10bdc8eea5b0b62c877ea54ffa309cb38b49fc107bdd2f674662c2fb22ec7e"
    },
    "legacy": {
      "target": "/Users/bytedance/UnityProject/NBUnityProject/Packages/NB_FX/NBShaders2/Shader/HLSL/NBShaderInput.hlsl",
      "preview": "/tmp/nbfx-flipbook-preview/NBShaderInput.hlsl",
      "inputSHA256": "7a95d31df206684e42ec6d421375d41ad7bfa0e9665a99b2f9308ad74915ed9b",
      "previewSHA256": "7877b4846b0715b4bf231a8f312f3d665586b8cce395f95294ee049e1fea735a"
    },
    "forward": {
      "target": "/Users/bytedance/UnityProject/NBUnityProject/Packages/NB_FX/NBShaders2/Shader/HLSL/NBShaderForwardPass.hlsl",
      "preview": "/tmp/nbfx-flipbook-preview/NBShaderForwardPass.hlsl",
      "inputSHA256": "18dfc5057863381455244f9932fd279225649ca00dce8c828fae76a297692721",
      "previewSHA256": "accba0c0a81e7545615f660580369accf486ca03318d7f3f2128fcb7221e9413"
    },
    "helper": {
      "target": "/Users/bytedance/UnityProject/NBUnityProject/Packages/NB_FX/XuanXuanRenderUtility/Runtime/AnimationSheetHelper.cs",
      "preview": "/tmp/nbfx-flipbook-preview/AnimationSheetHelper.cs",
      "inputSHA256": "6da96dc11754c111a8b28383bb0ef3ad132e18d395c73c87001a737198c39aaa",
      "previewSHA256": "ff1f2f3329ff195cee11570306e1b284c6d3183b6230904d075931c96c948109"
    }
  }
}
