Mono path[0] = 'D:/UnityProject/NBUnityProject/.utmp/nbp8/meshfinal9-build/NBFXMeshValidation_Data/Managed'
Mono config path = 'D:/UnityProject/NBUnityProject/.utmp/nbp8/meshfinal9-build/MonoBleedingEdge/etc'
Found 1 interfaces on host : 0) 10.68.234.38
Player connection [95344]  Target information:

Player connection [95344]  * "[IP] 10.68.234.38 [Port] 55000 [Flags] 2 [Guid] 694668976 [EditorId] 3697577697 [Version] 1048832 [Id] WindowsPlayer(2,4CE449CT6X-DRS) [Debug] 0 [PackageName] WindowsPlayer [ProjectName] NBUnityProject" 

Player connection [95344] Started UDP target info broadcast (1) on [225.0.0.222:54997].

Input System module state changed to: Initialized.
[Physics::Module] Initialized fallback backend.
[Physics::Module] Id: 0xdecafbad
Initialize engine version: 6000.3.25f1 (e1dba0a9aba4)
[Subsystems] Discovering subsystems at path D:/UnityProject/NBUnityProject/.utmp/nbp8/meshfinal9-build/NBFXMeshValidation_Data/UnitySubsystems
Forcing GfxDevice: Direct3D 11
GfxDevice: creating device client; kGfxThreadingModeNonThreaded
Direct3D:
    Version:  Direct3D 11.0 [level 11.1]
    Renderer: Intel(R) UHD Graphics 770 (ID=0xa780)
    Vendor:   Intel
    VRAM:     48857 MB
    Driver:   32.0.101.7040
FMOD initialized on nosound output
Begin MonoManager ReloadAssembly
Symbol file LoadedFromMemory is not a mono symbol file
- Loaded All Assemblies, in  0.221 seconds
- Finished resetting the current domain, in  0.004 seconds
[Physics::Module] Selected backend.
[Physics::Module] Name: PhysX
[Physics::Module] Id: 0xf2b8ea05
[Physics::Module] SDK Version: 4.1.2
[Physics::Module] Integration Version: 1.0.0
[Physics::Module] Threading Mode: Multi-Threaded
UnloadTime: 0.898400 ms
Unloading 5 Unused Serialized files (Serialized files now loaded: 0)
UnloadTime: 0.697900 ms
Unloading 3 unused Assets / (0 B). Loaded Objects now: 1944.
Memory consumption went from 63.9 MB to 63.9 MB.
Total: 1.379700 ms (FindLiveObjects: 0.093800 ms CreateObjectMapping: 0.042900 ms MarkObjects: 1.224000 ms  DeleteObjects: 0.018600 ms)

SetOverlayTexture
UnityEngine.Debug:ExtractStackTraceNoAlloc (byte*,int,string)
UnityEngine.StackTraceUtility:ExtractStackTrace () (at C:/build/output/unity/unity/Runtime/Export/Scripting/StackTrace.cs:35)
UnityEngine.DebugLogHandler:Internal_Log (UnityEngine.LogType,UnityEngine.LogOption,string,UnityEngine.Object)
UnityEngine.DebugLogHandler:LogFormat (UnityEngine.LogType,UnityEngine.Object,string,object[]) (at C:/build/output/unity/unity/Runtime/Export/Logging/DebugLogHandler.cs:9)
UnityEngine.Logger:Log (UnityEngine.LogType,object) (at C:/build/output/unity/unity/Runtime/Export/Logging/Logger.cs:60)
UnityEngine.Debug:Log (object) (at C:/build/output/unity/unity/Runtime/Export/Debug/Debug.bindings.cs:123)
NBShader.PostProcessingController:SetTexture () (at ./Packages/NB_FX/NBPostProcessing/Runtime/PostProcessingController.cs:235)
NBShader.PostProcessingController:InitAllSettings () (at ./Packages/NB_FX/NBPostProcessing/Runtime/PostProcessingController.cs:152)
NBShader.PostProcessingController:InitController () (at ./Packages/NB_FX/NBPostProcessing/Runtime/PostProcessingController.cs:143)
NBShader.PostProcessingController:OnEnable () (at ./Packages/NB_FX/NBPostProcessing/Runtime/PostProcessingController.cs:383)
UnityEngine.GameObject:SetActive (bool)
NBFX.PlayerValidation.NBFXMeshPerformanceSampler/<Run>d__44:MoveNext () (at D:/UnityProject/NBUnityProject/.utmp/NBFXMeshValidation-20261002/Assets/ResTemp/EditorTemp/NBFXPlayerHarness-meshfinal1/Runtime/NBFXMeshPerformanceSampler.cs:127)
NBFX.PlayerValidation.NBFXMeshPerformanceSampler/<Drive>d__43:MoveNext () (at D:/UnityProject/NBUnityProject/.utmp/NBFXMeshValidation-20261002/Assets/ResTemp/EditorTemp/NBFXPlayerHarness-meshfinal1/Runtime/NBFXMeshPerformanceSampler.cs:111)
UnityEngine.SetupCoroutine:InvokeMoveNext (System.Collections.IEnumerator,intptr) (at C:/build/output/unity/unity/Runtime/Export/Scripting/Coroutines.cs:17)

(Filename: C:/build/output/unity/unity/Runtime/Export/Debug/Debug.bindings.cs Line: 123)

SetOverlayMaskTexture
UnityEngine.Debug:ExtractStackTraceNoAlloc (byte*,int,string)
UnityEngine.StackTraceUtility:ExtractStackTrace () (at C:/build/output/unity/unity/Runtime/Export/Scripting/StackTrace.cs:35)
UnityEngine.DebugLogHandler:Internal_Log (UnityEngine.LogType,UnityEngine.LogOption,string,UnityEngine.Object)
UnityEngine.DebugLogHandler:LogFormat (UnityEngine.LogType,UnityEngine.Object,string,object[]) (at C:/build/output/unity/unity/Runtime/Export/Logging/DebugLogHandler.cs:9)
UnityEngine.Logger:Log (UnityEngine.LogType,object) (at C:/build/output/unity/unity/Runtime/Export/Logging/Logger.cs:60)
UnityEngine.Debug:Log (object) (at C:/build/output/unity/unity/Runtime/Export/Debug/Debug.bindings.cs:123)
NBShader.PostProcessingController:SetTexture () (at ./Packages/NB_FX/NBPostProcessing/Runtime/PostProcessingController.cs:246)
NBShader.PostProcessingController:InitAllSettings () (at ./Packages/NB_FX/NBPostProcessing/Runtime/PostProcessingController.cs:152)
NBShader.PostProcessingController:InitController () (at ./Packages/NB_FX/NBPostProcessing/Runtime/PostProcessingController.cs:143)
NBShader.PostProcessingController:OnEnable () (at ./Packages/NB_FX/NBPostProcessing/Runtime/PostProcessingController.cs:383)
UnityEngine.GameObject:SetActive (bool)
NBFX.PlayerValidation.NBFXMeshPerformanceSampler/<Run>d__44:MoveNext () (at D:/UnityProject/NBUnityProject/.utmp/NBFXMeshValidation-20261002/Assets/ResTemp/EditorTemp/NBFXPlayerHarness-meshfinal1/Runtime/NBFXMeshPerformanceSampler.cs:127)
NBFX.PlayerValidation.NBFXMeshPerformanceSampler/<Drive>d__43:MoveNext () (at D:/UnityProject/NBUnityProject/.utmp/NBFXMeshValidation-20261002/Assets/ResTemp/EditorTemp/NBFXPlayerHarness-meshfinal1/Runtime/NBFXMeshPerformanceSampler.cs:111)
UnityEngine.SetupCoroutine:InvokeMoveNext (System.Collections.IEnumerator,intptr) (at C:/build/output/unity/unity/Runtime/Export/Scripting/Coroutines.cs:17)

(Filename: C:/build/output/unity/unity/Runtime/Export/Debug/Debug.bindings.cs Line: 123)

SetOverlayTexture
UnityEngine.Debug:ExtractStackTraceNoAlloc (byte*,int,string)
UnityEngine.StackTraceUtility:ExtractStackTrace () (at C:/build/output/unity/unity/Runtime/Export/Scripting/StackTrace.cs:35)
UnityEngine.DebugLogHandler:Internal_Log (UnityEngine.LogType,UnityEngine.LogOption,string,UnityEngine.Object)
UnityEngine.DebugLogHandler:LogFormat (UnityEngine.LogType,UnityEngine.Object,string,object[]) (at C:/build/output/unity/unity/Runtime/Export/Logging/DebugLogHandler.cs:9)
UnityEngine.Logger:Log (UnityEngine.LogType,object) (at C:/build/output/unity/unity/Runtime/Export/Logging/Logger.cs:60)
UnityEngine.Debug:Log (object) (at C:/build/output/unity/unity/Runtime/Export/Debug/Debug.bindings.cs:123)
NBShader.PostProcessingController:SetTexture () (at ./Packages/NB_FX/NBPostProcessing/Runtime/PostProcessingController.cs:235)
NBShader.PostProcessingController:InitAllSettings () (at ./Packages/NB_FX/NBPostProcessing/Runtime/PostProcessingController.cs:152)
NBShader.PostProcessingController:InitController () (at ./Packages/NB_FX/NBPostProcessing/Runtime/PostProcessingController.cs:143)
NBShader.PostProcessingController:OnEnable () (at ./Packages/NB_FX/NBPostProcessing/Runtime/PostProcessingController.cs:383)
UnityEngine.GameObject:SetActive (bool)
NBFX.PlayerValidation.NBFXMeshPerformanceSampler/<Run>d__44:MoveNext () (at D:/UnityProject/NBUnityProject/.utmp/NBFXMeshValidation-20261002/Assets/ResTemp/EditorTemp/NBFXPlayerHarness-meshfinal1/Runtime/NBFXMeshPerformanceSampler.cs:127)
NBFX.PlayerValidation.NBFXMeshPerformanceSampler/<Drive>d__43:MoveNext () (at D:/UnityProject/NBUnityProject/.utmp/NBFXMeshValidation-20261002/Assets/ResTemp/EditorTemp/NBFXPlayerHarness-meshfinal1/Runtime/NBFXMeshPerformanceSampler.cs:111)
UnityEngine.SetupCoroutine:InvokeMoveNext (System.Collections.IEnumerator,intptr) (at C:/build/output/unity/unity/Runtime/Export/Scripting/Coroutines.cs:17)

(Filename: C:/build/output/unity/unity/Runtime/Export/Debug/Debug.bindings.cs Line: 123)

SetOverlayMaskTexture
UnityEngine.Debug:ExtractStackTraceNoAlloc (byte*,int,string)
UnityEngine.StackTraceUtility:ExtractStackTrace () (at C:/build/output/unity/unity/Runtime/Export/Scripting/StackTrace.cs:35)
UnityEngine.DebugLogHandler:Internal_Log (UnityEngine.LogType,UnityEngine.LogOption,string,UnityEngine.Object)
UnityEngine.DebugLogHandler:LogFormat (UnityEngine.LogType,UnityEngine.Object,string,object[]) (at C:/build/output/unity/unity/Runtime/Export/Logging/DebugLogHandler.cs:9)
UnityEngine.Logger:Log (UnityEngine.LogType,object) (at C:/build/output/unity/unity/Runtime/Export/Logging/Logger.cs:60)
UnityEngine.Debug:Log (object) (at C:/build/output/unity/unity/Runtime/Export/Debug/Debug.bindings.cs:123)
NBShader.PostProcessingController:SetTexture () (at ./Packages/NB_FX/NBPostProcessing/Runtime/PostProcessingController.cs:246)
NBShader.PostProcessingController:InitAllSettings () (at ./Packages/NB_FX/NBPostProcessing/Runtime/PostProcessingController.cs:152)
NBShader.PostProcessingController:InitController () (at ./Packages/NB_FX/NBPostProcessing/Runtime/PostProcessingController.cs:143)
NBShader.PostProcessingController:OnEnable () (at ./Packages/NB_FX/NBPostProcessing/Runtime/PostProcessingController.cs:383)
UnityEngine.GameObject:SetActive (bool)
NBFX.PlayerValidation.NBFXMeshPerformanceSampler/<Run>d__44:MoveNext () (at D:/UnityProject/NBUnityProject/.utmp/NBFXMeshValidation-20261002/Assets/ResTemp/EditorTemp/NBFXPlayerHarness-meshfinal1/Runtime/NBFXMeshPerformanceSampler.cs:127)
NBFX.PlayerValidation.NBFXMeshPerformanceSampler/<Drive>d__43:MoveNext () (at D:/UnityProject/NBUnityProject/.utmp/NBFXMeshValidation-20261002/Assets/ResTemp/EditorTemp/NBFXPlayerHarness-meshfinal1/Runtime/NBFXMeshPerformanceSampler.cs:111)
UnityEngine.SetupCoroutine:InvokeMoveNext (System.Collections.IEnumerator,intptr) (at C:/build/output/unity/unity/Runtime/Export/Scripting/Coroutines.cs:17)

(Filename: C:/build/output/unity/unity/Runtime/Export/Debug/Debug.bindings.cs Line: 123)

[Physics::Module] Cleanup current backend.
[Physics::Module] Id: 0xf2b8ea05
Input System module state changed to: ShutdownInProgress.
Input System polling thread exited.
Input System module state changed to: Shutdown.
PlayerConnection::Cleanup##utp:{"type":"MemoryLeaks","version":2,"phase":"Immediate","time":1791223714096,"processId":111028,"allocatedMemory":58589,"memoryLabels":[{"Default":136},{"NewDelete":104},{"Manager":15686},{"VertexData":432},{"GfxDevice":288},{"Audio":752},{"Serialization":520},{"JobScheduler":32768},{"String":511},{"DynamicArray":1344},{"HashMap":3584},{"PoolAlloc":192},{"CloudService":144},{"VR":1872},{"Video":144},{"Subsystems":96},{"CoreBusinessMetrics":120}]}
