Mono path[0] = 'D:/UnityProject/NBUnityProject/.utmp/nbp8/meshfinal9-build/NBFXMeshValidation_Data/Managed'
Mono config path = 'D:/UnityProject/NBUnityProject/.utmp/nbp8/meshfinal9-build/MonoBleedingEdge/etc'
Found 1 interfaces on host : 0) 10.68.234.38
Player connection [98048]  Target information:

Player connection [98048]  * "[IP] 10.68.234.38 [Port] 55000 [Flags] 2 [Guid] 2939353204 [EditorId] 3697577697 [Version] 1048832 [Id] WindowsPlayer(2,4CE449CT6X-DRS) [Debug] 0 [PackageName] WindowsPlayer [ProjectName] NBUnityProject" 

Player connection [98048] Started UDP target info broadcast (1) on [225.0.0.222:54997].

Input System module state changed to: Initialized.
[Physics::Module] Initialized fallback backend.
[Physics::Module] Id: 0xdecafbad
Initialize engine version: 6000.3.25f1 (e1dba0a9aba4)
[Subsystems] Discovering subsystems at path D:/UnityProject/NBUnityProject/.utmp/nbp8/meshfinal9-build/NBFXMeshValidation_Data/UnitySubsystems
Forcing GfxDevice: Direct3D 11
GfxDevice: creating device client; kGfxThreadingModeNonThreaded
Direct3D:
    Version:  Direct3D 11.0 [level 11.1]
    Renderer: Intel(R) UHD Graphics 770 (ID=0xa780)
    Vendor:   Intel
    VRAM:     48857 MB
    Driver:   32.0.101.7040
FMOD initialized on nosound output
Begin MonoManager ReloadAssembly
Symbol file LoadedFromMemory is not a mono symbol file
- Loaded All Assemblies, in 10.559 seconds
- Finished resetting the current domain, in  0.004 seconds
[Physics::Module] Selected backend.
[Physics::Module] Name: PhysX
[Physics::Module] Id: 0xf2b8ea05
[Physics::Module] SDK Version: 4.1.2
[Physics::Module] Integration Version: 1.0.0
[Physics::Module] Threading Mode: Multi-Threaded
UnloadTime: 1.007200 ms
[Physics::Module] Cleanup current backend.
[Physics::Module] Id: 0xf2b8ea05
Input System module state changed to: ShutdownInProgress.
Input System polling thread exited.
Input System module state changed to: Shutdown.
PlayerConnection::Cleanup##utp:{"type":"MemoryLeaks","version":2,"phase":"Immediate","time":1791223627076,"processId":37872,"allocatedMemory":58639,"memoryLabels":[{"Default":136},{"NewDelete":104},{"Manager":15686},{"VertexData":480},{"GfxDevice":288},{"Audio":752},{"Serialization":520},{"JobScheduler":32768},{"String":513},{"DynamicArray":1344},{"HashMap":3584},{"PoolAlloc":192},{"CloudService":144},{"VR":1872},{"Video":144},{"Subsystems":96},{"CoreBusinessMetrics":120}]}
