Mono path[0] = '/tmp/nbfx-g2-visible-player-20260928/Frozen.app/Contents/Resources/Data/Managed'
Mono config path = '/tmp/nbfx-g2-visible-player-20260928/Frozen.app/Contents/MonoBleedingEdge/etc'
Input System module state changed to: Initialized.
[Physics::Module] Initialized fallback backend.
[Physics::Module] Id: 0xdecafbad
Initialize engine version: 6000.3.18f1 (5ebeb53e4c07)
[Subsystems] Discovering subsystems at path /tmp/nbfx-g2-visible-player-20260928/Frozen.app/Contents/Resources/Data/UnitySubsystems
GfxDevice: creating device client; kGfxThreadingModeThreaded
 preferred device: Apple M3 Pro (high power)
Metal devices available: 1
0: Apple M3 Pro (high power)
Using device Apple M3 Pro (high power)
Initializing Metal device caps: Apple M3 Pro
Mac GPU Family: 2
Apple GPU Family: 9
MSL Version: 3.0
Has Float MSAA: 1
Has Float Filtering: 1
ReadWrite Texture Tier: 2
Begin MonoManager ReloadAssembly
- Loaded All Assemblies, in  0.081 seconds
- Finished resetting the current domain, in  0.001 seconds
[Physics::Module] Selected backend.
[Physics::Module] Name: PhysX
[Physics::Module] Id: 0xf2b8ea05
[Physics::Module] SDK Version: 4.1.2
[Physics::Module] Integration Version: 1.0.0
[Physics::Module] Threading Mode: Multi-Threaded
UnloadTime: 0.344583 ms
NBFX-G2-VISIBLE-PLAYER {"unityVersion":"6000.3.18f1","graphicsDevice":"Metal","scene":"FrozenVisible","screenWidth":1024,"screenHeight":768,"firstFrameCount":1,"secondFrameCount":2,"noMaskFrameCount":3,"firstVsSecond":0,"secondVsNoMask":452530,"firstVsNoMask":452530,"firstCenter":"32,64,96,255","secondCenter":"32,64,96,255","noMaskCenter":"255,0,0,255","error":""}
Thread 0x16f9e3000 may have been prematurely finalized
[Physics::Module] Cleanup current backend.
[Physics::Module] Id: 0xf2b8ea05
Input System module state changed to: ShutdownInProgress.
Input System polling thread exited.
Input System module state changed to: Shutdown.
Thread 0x16e5e7000 may have been prematurely finalized
Thread 0x16e673000 may have been prematurely finalized
Thread 0x16e78b000 may have been prematurely finalized
Thread 0x16e6ff000 may have been prematurely finalized
